// Jest Snapshot v1, https://goo.gl/fbAQLP

exports[`BasketItem test Component - BasketItem should match snapshot 1`] = `ShallowWrapper {}`;
