// Jest Snapshot v1, https://goo.gl/fbAQLP

exports[`Confirmation test Component - Confirmation should match snapshot 1`] = `ShallowWrapper {}`;
