// Jest Snapshot v1, https://goo.gl/fbAQLP

exports[`Department test Component - Department should match snapshot 1`] = `ShallowWrapper {}`;
