// Jest Snapshot v1, https://goo.gl/fbAQLP

exports[`Feature test Component - Feature should match snapshot 1`] = `ShallowWrapper {}`;
