// Jest Snapshot v1, https://goo.gl/fbAQLP

exports[`Header test Component - Header should match snapshot 1`] = `ShallowWrapper {}`;
