// Jest Snapshot v1, https://goo.gl/fbAQLP

exports[`NoItems test Component - NoItems should match snapshot 1`] = `ShallowWrapper {}`;
