// Jest Snapshot v1, https://goo.gl/fbAQLP

exports[`Payment test Component - Payment should match snapshot 1`] = `ShallowWrapper {}`;
