// Jest Snapshot v1, https://goo.gl/fbAQLP

exports[`ProductList test Component - ProductList should match snapshot 1`] = `ShallowWrapper {}`;
