// Jest Snapshot v1, https://goo.gl/fbAQLP

exports[`Search test Component - Search should match snapshot 1`] = `ShallowWrapper {}`;
