// Jest Snapshot v1, https://goo.gl/fbAQLP

exports[`Slider test Component - Slider should match snapshot 1`] = `ShallowWrapper {}`;
