// Jest Snapshot v1, https://goo.gl/fbAQLP

exports[`SmallThumb test Component - SmallThumb should match snapshot 1`] = `ShallowWrapper {}`;
