// Jest Snapshot v1, https://goo.gl/fbAQLP

exports[`Summary test Component - Summary should match snapshot 1`] = `ShallowWrapper {}`;
