// Jest Snapshot v1, https://goo.gl/fbAQLP

exports[`Basket test Container - Basket should match snapshot 1`] = `ShallowWrapper {}`;
