// Jest Snapshot v1, https://goo.gl/fbAQLP

exports[`Checkout test Checkout should match snapshot 1`] = `ShallowWrapper {}`;
