// Jest Snapshot v1, https://goo.gl/fbAQLP

exports[`Home test Container - Home should match snapshot 1`] = `ShallowWrapper {}`;
