// Jest Snapshot v1, https://goo.gl/fbAQLP

exports[`ProductListWidget test Container - ProductListWidget should match snapshot 1`] = `ShallowWrapper {}`;
