// Jest Snapshot v1, https://goo.gl/fbAQLP

exports[`ProductWidget test Container - ProductWidget should match snapshot 1`] = `ShallowWrapper {}`;
