// Jest Snapshot v1, https://goo.gl/fbAQLP

exports[`Register test Register should match snapshot 1`] = `ShallowWrapper {}`;
