// Jest Snapshot v1, https://goo.gl/fbAQLP

exports[`ReactAux test ReactAux should match snapshot 1`] = `ShallowWrapper {}`;
